******************************************************************************
                  MSP430 Linker PC v16.9.1                     
******************************************************************************
>> Linked Wed Jul 05 14:22:16 2017

OUTPUT FILE NAME:   <Micro_IoT.out>
ENTRY POINT SYMBOL: "_c_int00_noargs_noexit"  address: 0000c964


MEMORY CONFIGURATION

         name            origin    length      used     unused   attr    fill
----------------------  --------  ---------  --------  --------  ----  --------
  SFR                   00000000   00000010  00000000  00000010  RWIX
  PERIPHERALS_8BIT      00000010   000000f0  00000000  000000f0  RWIX
  PERIPHERALS_16BIT     00000100   00000100  00000000  00000100  RWIX
  RAM                   00000200   00000200  000000cc  00000134  RWIX
  INFOD                 00001000   00000040  00000000  00000040  RWIX
  INFOC                 00001040   00000040  00000000  00000040  RWIX
  INFOB                 00001080   00000040  00000000  00000040  RWIX
  INFOA                 000010c0   00000040  00000000  00000040  RWIX
  FLASH                 0000c000   00003fde  00000ab6  00003528  RWIX
  BSLSIGNATURE          0000ffde   00000002  00000002  00000000  RWIX  ffff 
  INT00                 0000ffe0   00000002  00000002  00000000  RWIX
  INT01                 0000ffe2   00000002  00000000  00000002  RWIX
  INT02                 0000ffe4   00000002  00000002  00000000  RWIX
  INT03                 0000ffe6   00000002  00000002  00000000  RWIX
  INT04                 0000ffe8   00000002  00000000  00000002  RWIX
  INT05                 0000ffea   00000002  00000002  00000000  RWIX
  INT06                 0000ffec   00000002  00000002  00000000  RWIX
  INT07                 0000ffee   00000002  00000002  00000000  RWIX
  INT08                 0000fff0   00000002  00000002  00000000  RWIX
  INT09                 0000fff2   00000002  00000002  00000000  RWIX
  INT10                 0000fff4   00000002  00000002  00000000  RWIX
  INT11                 0000fff6   00000002  00000002  00000000  RWIX
  INT12                 0000fff8   00000002  00000002  00000000  RWIX
  INT13                 0000fffa   00000002  00000002  00000000  RWIX
  INT14                 0000fffc   00000002  00000002  00000000  RWIX
  RESET                 0000fffe   00000002  00000002  00000000  RWIX


SECTION ALLOCATION MAP

 output                                  attributes/
section   page    origin      length       input sections
--------  ----  ----------  ----------   ----------------
.sysmem    0    00000200    00000050     UNINITIALIZED
                  00000200    00000004     rts430_eabi.lib : memory.obj (.sysmem)
                  00000204    0000004c     --HOLE--

.bss       0    00000250    00000023     UNINITIALIZED
                  00000250    00000018     (.common:Serial_UART)
                  00000268    00000006     (.common:serNum)
                  0000026e    00000004     main.obj (.bss:rc522)
                  00000272    00000001     (.common:Serial_SPI)

.data      0    00000274    00000009     UNINITIALIZED
                  00000274    00000009     main.obj (.data:recv)

.stack     0    000003b0    00000050     UNINITIALIZED
                  000003b0    00000002     rts430_eabi.lib : boot.obj (.stack)
                  000003b2    0000004e     --HOLE--

.text      0    0000c000    00000a3c     
                  0000c000    0000018c     Rc522.obj (.text:_ZN5Rc5226ToCardEhPhhS0_Pj)
                  0000c18c    00000162     main.obj (.text:main)
                  0000c2ee    00000084     Rc522.obj (.text:_ZN5Rc52211CalulateCRCEPhhS0_)
                  0000c372    0000007c     rts430_eabi.lib : copy_decompress_lzss.obj (.text:decompress:lzss:__TI_decompress_lzss)
                  0000c3ee    00000072     Rc522.obj (.text:_ZN5Rc5224InitEv)
                  0000c460    0000006e     rts430_eabi.lib : autoinit.obj (.text:_auto_init)
                  0000c4ce    00000068     Rc522.obj (.text:_ZN5Rc5228AnticollEPh)
                  0000c536    0000005a     rts430_eabi.lib : cpy_tbl.obj (.text:copy_in)
                  0000c590    00000058                     : div32u.obj (.text)
                  0000c5e8    00000050     Rc522.obj (.text:_ZN5Rc5227RequestEhPh)
                  0000c638    0000004c     rts430_eabi.lib : lsr16.obj (.text)
                  0000c684    0000004a     Rc522.obj (.text:_ZN5Rc5224HaltEv)
                  0000c6ce    00000048     Serial_UART.obj (.text:_ZN16Serial_UARTClass4initEm)
                  0000c716    00000042     Rc522.obj (.text:_ZN5Rc5227ReadRegEh)
                  0000c758    0000003e     Rc522.obj (.text:_ZN5Rc5228WriteRegEhh)
                  0000c796    00000038     Rc522.obj (.text:_ZN5Rc522C1Eii)
                  0000c7ce    0000002c     BasicsFuncs.obj (.text:_Z8pinModeAhhh)
                  0000c7fa    0000002c     rts430_eabi.lib : lsl16.obj (.text)
                  0000c826    0000002a     Serial_UART.obj (.text:_ZN16Serial_UARTClass5printEPKc)
                  0000c850    00000028     BasicsFuncs.obj (.text:_Z7delaymsj)
                  0000c878    00000026     Serial_SPI.obj (.text:_ZN15Serial_SPIClass4initEv)
                  0000c89e    00000024     BasicsFuncs.obj (.text:_Z13digitalWriteAhhh)
                  0000c8c2    00000024     Rc522.obj (.text:_ZN5Rc5229AntennaOnEv)
                  0000c8e6    00000020     Serial_UART.obj (.text:_ZN16Serial_UARTClass7readStrEPcii)
                  0000c906    00000020     Rc522.obj (.text:_ZN5Rc52210SetBitMaskEhh)
                  0000c926    00000020     Rc522.obj (.text:_ZN5Rc52212ClearBitMaskEhh)
                  0000c946    0000001e     BasicsFuncs.obj (.text:_Z7memcopyPvPKvj)
                  0000c964    0000001a     rts430_eabi.lib : boot_special.obj (.text:_c_int00_noargs_noexit)
                  0000c97e    00000018     main.obj (.text:_Z11SendCommandPKci)
                  0000c996    00000014     rts430_eabi.lib : copy_zero_init.obj (.text:decompress:ZI:__TI_zero_init)
                  0000c9aa    00000014                     : mult16.obj (.text)
                  0000c9be    00000012                     : copy_decompress_none.obj (.text:decompress:none:__TI_decompress_none)
                  0000c9d0    00000012                     : memcpy.obj (.text:memcpy)
                  0000c9e2    00000010     Serial_SPI.obj (.text:_ZN15Serial_SPIClass8transferEh)
                  0000c9f2    00000010     rts430_eabi.lib : epilog.obj (.text)
                  0000ca02    0000000e     main.obj (.text:__sti___8_main_cpp_dffcbc33)
                  0000ca10    0000000c     Serial_UART.obj (.text:_ZN16Serial_UARTClass9Send_DataEh)
                  0000ca1c    0000000c     Rc522.obj (.text:_ZN5Rc5225ResetEv)
                  0000ca28    00000008     rts430_eabi.lib : isr_trap.obj (.text:_isr:__TI_ISR_TRAP)
                  0000ca30    00000006                     : exit.obj (.text:abort)
                  0000ca36    00000004                     : pre_init.obj (.text:_system_pre_init)
                  0000ca3a    00000002                     : startup.obj (.text:_system_post_cinit)

.binit     0    0000c000    00000000     

.const     0    0000ca3c    0000005e     
                  0000ca3c    0000005e     main.obj (.const:.string)

.cinit     0    0000ca9c    0000001a     
                  0000ca9c    00000007     (.cinit..data.load) [load image, compression = lzss]
                  0000caa3    00000001     --HOLE-- [fill = 0]
                  0000caa4    00000006     (__TI_handler_table)
                  0000caaa    00000004     (.cinit..bss.load) [load image, compression = zero_init]
                  0000caae    00000008     (__TI_cinit_table)

.init_array 
*          0    0000ca9a    00000002     
                  0000ca9a    00000002     main.obj (.init_array)

TRAPINT    0    0000ffe0    00000002     
                  0000ffe0    00000002     rts430_eabi.lib : int00.obj (.int00)

$fill000   0    0000ffde    00000002     
                  0000ffde    00000002     --HOLE-- [fill = ffff]

PORT1      0    0000ffe4    00000002     
                  0000ffe4    00000002     rts430_eabi.lib : int02.obj (.int02)

PORT2      0    0000ffe6    00000002     
                  0000ffe6    00000002     rts430_eabi.lib : int03.obj (.int03)

ADC10      0    0000ffea    00000002     
                  0000ffea    00000002     rts430_eabi.lib : int05.obj (.int05)

USCIAB0TX 
*          0    0000ffec    00000002     
                  0000ffec    00000002     rts430_eabi.lib : int06.obj (.int06)

USCIAB0RX 
*          0    0000ffee    00000002     
                  0000ffee    00000002     rts430_eabi.lib : int07.obj (.int07)

TIMER0_A1 
*          0    0000fff0    00000002     
                  0000fff0    00000002     rts430_eabi.lib : int08.obj (.int08)

TIMER0_A0 
*          0    0000fff2    00000002     
                  0000fff2    00000002     rts430_eabi.lib : int09.obj (.int09)

WDT        0    0000fff4    00000002     
                  0000fff4    00000002     rts430_eabi.lib : int10.obj (.int10)

COMPARATORA 
*          0    0000fff6    00000002     
                  0000fff6    00000002     rts430_eabi.lib : int11.obj (.int11)

TIMER1_A1 
*          0    0000fff8    00000002     
                  0000fff8    00000002     rts430_eabi.lib : int12.obj (.int12)

TIMER1_A0 
*          0    0000fffa    00000002     
                  0000fffa    00000002     rts430_eabi.lib : int13.obj (.int13)

NMI        0    0000fffc    00000002     
                  0000fffc    00000002     rts430_eabi.lib : int14.obj (.int14)

.reset     0    0000fffe    00000002     
                  0000fffe    00000002     rts430_eabi.lib : boot.obj (.reset)

MODULE SUMMARY

       Module                     code   ro data   rw data
       ------                     ----   -------   -------
    .\
       Rc522.obj                  1196   0         0      
       main.obj                   392    96        19     
       Serial_UART.obj            158    0         24     
       BasicsFuncs.obj            150    0         0      
       Serial_SPI.obj             54     0         1      
    +--+--------------------------+------+---------+---------+
       Total:                     1950   96        44     
                                                          
    C:\ti\ccsv7\tools\compiler\ti-cgt-msp430_16.9.1.LTS\lib\rts430_eabi.lib
       copy_decompress_lzss.obj   124    0         0      
       autoinit.obj               110    0         0      
       cpy_tbl.obj                90     0         0      
       div32u.obj                 88     0         0      
       lsr16.obj                  76     0         0      
       lsl16.obj                  44     0         0      
       boot_special.obj           26     0         0      
       copy_zero_init.obj         20     0         0      
       mult16.obj                 20     0         0      
       copy_decompress_none.obj   18     0         0      
       memcpy.obj                 18     0         0      
       epilog.obj                 16     0         0      
       isr_trap.obj               8      0         0      
       exit.obj                   6      0         0      
       pre_init.obj               4      0         0      
       boot.obj                   0      2         0      
       int00.obj                  0      2         0      
       int02.obj                  0      2         0      
       int03.obj                  0      2         0      
       int05.obj                  0      2         0      
       int06.obj                  0      2         0      
       int07.obj                  0      2         0      
       int08.obj                  0      2         0      
       int09.obj                  0      2         0      
       int10.obj                  0      2         0      
       int11.obj                  0      2         0      
       int12.obj                  0      2         0      
       int13.obj                  0      2         0      
       int14.obj                  0      2         0      
       startup.obj                2      0         0      
    +--+--------------------------+------+---------+---------+
       Total:                     670    28        0      
                                                          
       Heap:                      0      0         80     
       Stack:                     0      0         80     
       Linker Generated:          0      25        0      
    +--+--------------------------+------+---------+---------+
       Grand Total:               2620   149       204    


LINKER GENERATED COPY TABLES

__TI_cinit_table @ 0000caae records: 2, size/record: 4, table size: 8
	.data: load addr=0000ca9c, load size=00000007 bytes, run addr=00000274, run size=00000009 bytes, compression=lzss
	.bss: load addr=0000caaa, load size=00000004 bytes, run addr=00000250, run size=00000023 bytes, compression=zero_init


LINKER GENERATED HANDLER TABLE

__TI_handler_table @ 0000caa4 records: 3, size/record: 2, table size: 6
	index: 0, handler: __TI_zero_init
	index: 1, handler: __TI_decompress_lzss
	index: 2, handler: __TI_decompress_none


GLOBAL SYMBOLS: SORTED ALPHABETICALLY BY Name 

address   name                              
-------   ----                              
0000004a  ADC10AE0                          
000001b0  ADC10CTL0                         
000001b2  ADC10CTL1                         
00000048  ADC10DTC0                         
00000049  ADC10DTC1                         
000001b4  ADC10MEM                          
000001bc  ADC10SA                           
00000057  BCSCTL1                           
00000058  BCSCTL2                           
00000053  BCSCTL3                           
0000ca30  C$$EXIT                           
00000059  CACTL1                            
0000005a  CACTL2                            
000010fb  CALBC1_12MHZ                      
000010f9  CALBC1_16MHZ                      
000010ff  CALBC1_1MHZ                       
000010fd  CALBC1_8MHZ                       
000010fa  CALDCO_12MHZ                      
000010f8  CALDCO_16MHZ                      
000010fe  CALDCO_1MHZ                       
000010fc  CALDCO_8MHZ                       
0000005b  CAPD                              
00000056  DCOCTL                            
00000128  FCTL1                             
0000012a  FCTL2                             
0000012c  FCTL3                             
00000000  IE1                               
00000001  IE2                               
00000002  IFG1                              
00000003  IFG2                              
00000022  P1DIR                             
00000025  P1IE                              
00000024  P1IES                             
00000023  P1IFG                             
00000020  P1IN                              
00000021  P1OUT                             
00000027  P1REN                             
00000026  P1SEL                             
00000041  P1SEL2                            
0000002a  P2DIR                             
0000002d  P2IE                              
0000002c  P2IES                             
0000002b  P2IFG                             
00000028  P2IN                              
00000029  P2OUT                             
0000002f  P2REN                             
0000002e  P2SEL                             
00000042  P2SEL2                            
0000001a  P3DIR                             
00000018  P3IN                              
00000019  P3OUT                             
00000010  P3REN                             
0000001b  P3SEL                             
00000043  P3SEL2                            
00000272  Serial_SPI                        
00000250  Serial_UART                       
00000172  TA0CCR0                           
00000174  TA0CCR1                           
00000176  TA0CCR2                           
00000162  TA0CCTL0                          
00000164  TA0CCTL1                          
00000166  TA0CCTL2                          
00000160  TA0CTL                            
0000012e  TA0IV                             
00000170  TA0R                              
00000192  TA1CCR0                           
00000194  TA1CCR1                           
00000196  TA1CCR2                           
00000182  TA1CCTL0                          
00000184  TA1CCTL1                          
00000186  TA1CCTL2                          
00000180  TA1CTL                            
0000011e  TA1IV                             
00000190  TA1R                              
000010db  TLV_ADC10_1_LEN                   
000010da  TLV_ADC10_1_TAG                   
000010c0  TLV_CHECKSUM                      
000010f7  TLV_DCO_30_LEN                    
000010f6  TLV_DCO_30_TAG                    
0000005d  UCA0ABCTL                         
00000062  UCA0BR0                           
00000063  UCA0BR1                           
00000060  UCA0CTL0                          
00000061  UCA0CTL1                          
0000005f  UCA0IRRCTL                        
0000005e  UCA0IRTCTL                        
00000064  UCA0MCTL                          
00000066  UCA0RXBUF                         
00000065  UCA0STAT                          
00000067  UCA0TXBUF                         
0000006a  UCB0BR0                           
0000006b  UCB0BR1                           
00000068  UCB0CTL0                          
00000069  UCB0CTL1                          
0000006c  UCB0I2CIE                         
00000118  UCB0I2COA                         
0000011a  UCB0I2CSA                         
0000006e  UCB0RXBUF                         
0000006d  UCB0STAT                          
0000006f  UCB0TXBUF                         
00000120  WDTCTL                            
0000c97e  _Z11SendCommandPKci               
0000c89e  _Z13digitalWriteAhhh              
0000c850  _Z7delaymsj                       
0000c946  _Z7memcopyPvPKvj                  
0000c7ce  _Z8pinModeAhhh                    
0000c878  _ZN15Serial_SPIClass4initEv       
0000c9e2  _ZN15Serial_SPIClass8transferEh   
0000c6ce  _ZN16Serial_UARTClass4initEm      
0000c826  _ZN16Serial_UARTClass5printEPKc   
0000c8e6  _ZN16Serial_UARTClass7readStrEPcii
0000ca10  _ZN16Serial_UARTClass9Send_DataEh 
0000c906  _ZN5Rc52210SetBitMaskEhh          
0000c2ee  _ZN5Rc52211CalulateCRCEPhhS0_     
0000c926  _ZN5Rc52212ClearBitMaskEhh        
0000c684  _ZN5Rc5224HaltEv                  
0000c3ee  _ZN5Rc5224InitEv                  
0000ca1c  _ZN5Rc5225ResetEv                 
0000c000  _ZN5Rc5226ToCardEhPhhS0_Pj        
0000c716  _ZN5Rc5227ReadRegEh               
0000c5e8  _ZN5Rc5227RequestEhPh             
0000c4ce  _ZN5Rc5228AnticollEPh             
0000c758  _ZN5Rc5228WriteRegEhh             
0000c8c2  _ZN5Rc5229AntennaOnEv             
0000c796  _ZN5Rc522C1Eii                    
0000c796  _ZN5Rc522C2Eii                    
00000400  __STACK_END                       
00000050  __STACK_SIZE                      
00000050  __SYSMEM_SIZE                     
UNDEFED   __TI_BINIT_Base                   
UNDEFED   __TI_BINIT_Limit                  
0000caae  __TI_CINIT_Base                   
0000cab6  __TI_CINIT_Limit                  
0000caa4  __TI_Handler_Table_Base           
0000caaa  __TI_Handler_Table_Limit          
0000ca9a  __TI_INITARRAY_Base               
0000ca9c  __TI_INITARRAY_Limit              
0000ca28  __TI_ISR_TRAP                     
0000c372  __TI_decompress_lzss              
0000c9be  __TI_decompress_none              
0000ffe0  __TI_int00                        
0000ffe4  __TI_int02                        
0000ffe6  __TI_int03                        
0000ffea  __TI_int05                        
0000ffec  __TI_int06                        
0000ffee  __TI_int07                        
0000fff0  __TI_int08                        
0000fff2  __TI_int09                        
0000fff4  __TI_int10                        
0000fff6  __TI_int11                        
0000fff8  __TI_int12                        
0000fffa  __TI_int13                        
0000fffc  __TI_int14                        
ffffffff  __TI_pprof_out_hndl               
ffffffff  __TI_prof_data_size               
ffffffff  __TI_prof_data_start              
0000c996  __TI_zero_init                    
ffffffff  __c_args__                        
0000c590  __mspabi_divul                    
0000c9fe  __mspabi_func_epilog_1            
0000c9fc  __mspabi_func_epilog_2            
0000c9fa  __mspabi_func_epilog_3            
0000c9f8  __mspabi_func_epilog_4            
0000c9f6  __mspabi_func_epilog_5            
0000c9f4  __mspabi_func_epilog_6            
0000c9f2  __mspabi_func_epilog_7            
0000c9aa  __mspabi_mpyi                     
0000c9aa  __mspabi_mpyi_sw                  
0000c590  __mspabi_remul                    
0000c7fa  __mspabi_slli                     
0000c822  __mspabi_slli_1                   
0000c810  __mspabi_slli_10                  
0000c80e  __mspabi_slli_11                  
0000c80c  __mspabi_slli_12                  
0000c80a  __mspabi_slli_13                  
0000c808  __mspabi_slli_14                  
0000c806  __mspabi_slli_15                  
0000c820  __mspabi_slli_2                   
0000c81e  __mspabi_slli_3                   
0000c81c  __mspabi_slli_4                   
0000c81a  __mspabi_slli_5                   
0000c818  __mspabi_slli_6                   
0000c816  __mspabi_slli_7                   
0000c814  __mspabi_slli_8                   
0000c812  __mspabi_slli_9                   
0000c638  __mspabi_srli                     
0000c67e  __mspabi_srli_1                   
0000c65a  __mspabi_srli_10                  
0000c656  __mspabi_srli_11                  
0000c652  __mspabi_srli_12                  
0000c64e  __mspabi_srli_13                  
0000c64a  __mspabi_srli_14                  
0000c646  __mspabi_srli_15                  
0000c67a  __mspabi_srli_2                   
0000c676  __mspabi_srli_3                   
0000c672  __mspabi_srli_4                   
0000c66e  __mspabi_srli_5                   
0000c66a  __mspabi_srli_6                   
0000c666  __mspabi_srli_7                   
0000c662  __mspabi_srli_8                   
0000c65e  __mspabi_srli_9                   
0000ca02  __sti___8_main_cpp_dffcbc33       
0000c460  _auto_init                        
0000c964  _c_int00_noargs_noexit            
0000fffe  _reset_vector                     
000003b0  _stack                            
00000200  _sys_memory                       
0000ca3a  _system_post_cinit                
0000ca36  _system_pre_init                  
0000ca30  abort                             
0000c536  copy_in                           
0000c18c  main                              
0000c9d0  memcpy                            
0000026e  rc522                             
00000274  recv                              
00000268  serNum                            


GLOBAL SYMBOLS: SORTED BY Symbol Address 

address   name                              
-------   ----                              
00000000  IE1                               
00000001  IE2                               
00000002  IFG1                              
00000003  IFG2                              
00000010  P3REN                             
00000018  P3IN                              
00000019  P3OUT                             
0000001a  P3DIR                             
0000001b  P3SEL                             
00000020  P1IN                              
00000021  P1OUT                             
00000022  P1DIR                             
00000023  P1IFG                             
00000024  P1IES                             
00000025  P1IE                              
00000026  P1SEL                             
00000027  P1REN                             
00000028  P2IN                              
00000029  P2OUT                             
0000002a  P2DIR                             
0000002b  P2IFG                             
0000002c  P2IES                             
0000002d  P2IE                              
0000002e  P2SEL                             
0000002f  P2REN                             
00000041  P1SEL2                            
00000042  P2SEL2                            
00000043  P3SEL2                            
00000048  ADC10DTC0                         
00000049  ADC10DTC1                         
0000004a  ADC10AE0                          
00000050  __STACK_SIZE                      
00000050  __SYSMEM_SIZE                     
00000053  BCSCTL3                           
00000056  DCOCTL                            
00000057  BCSCTL1                           
00000058  BCSCTL2                           
00000059  CACTL1                            
0000005a  CACTL2                            
0000005b  CAPD                              
0000005d  UCA0ABCTL                         
0000005e  UCA0IRTCTL                        
0000005f  UCA0IRRCTL                        
00000060  UCA0CTL0                          
00000061  UCA0CTL1                          
00000062  UCA0BR0                           
00000063  UCA0BR1                           
00000064  UCA0MCTL                          
00000065  UCA0STAT                          
00000066  UCA0RXBUF                         
00000067  UCA0TXBUF                         
00000068  UCB0CTL0                          
00000069  UCB0CTL1                          
0000006a  UCB0BR0                           
0000006b  UCB0BR1                           
0000006c  UCB0I2CIE                         
0000006d  UCB0STAT                          
0000006e  UCB0RXBUF                         
0000006f  UCB0TXBUF                         
00000118  UCB0I2COA                         
0000011a  UCB0I2CSA                         
0000011e  TA1IV                             
00000120  WDTCTL                            
00000128  FCTL1                             
0000012a  FCTL2                             
0000012c  FCTL3                             
0000012e  TA0IV                             
00000160  TA0CTL                            
00000162  TA0CCTL0                          
00000164  TA0CCTL1                          
00000166  TA0CCTL2                          
00000170  TA0R                              
00000172  TA0CCR0                           
00000174  TA0CCR1                           
00000176  TA0CCR2                           
00000180  TA1CTL                            
00000182  TA1CCTL0                          
00000184  TA1CCTL1                          
00000186  TA1CCTL2                          
00000190  TA1R                              
00000192  TA1CCR0                           
00000194  TA1CCR1                           
00000196  TA1CCR2                           
000001b0  ADC10CTL0                         
000001b2  ADC10CTL1                         
000001b4  ADC10MEM                          
000001bc  ADC10SA                           
00000200  _sys_memory                       
00000250  Serial_UART                       
00000268  serNum                            
0000026e  rc522                             
00000272  Serial_SPI                        
00000274  recv                              
000003b0  _stack                            
00000400  __STACK_END                       
000010c0  TLV_CHECKSUM                      
000010da  TLV_ADC10_1_TAG                   
000010db  TLV_ADC10_1_LEN                   
000010f6  TLV_DCO_30_TAG                    
000010f7  TLV_DCO_30_LEN                    
000010f8  CALDCO_16MHZ                      
000010f9  CALBC1_16MHZ                      
000010fa  CALDCO_12MHZ                      
000010fb  CALBC1_12MHZ                      
000010fc  CALDCO_8MHZ                       
000010fd  CALBC1_8MHZ                       
000010fe  CALDCO_1MHZ                       
000010ff  CALBC1_1MHZ                       
0000c000  _ZN5Rc5226ToCardEhPhhS0_Pj        
0000c18c  main                              
0000c2ee  _ZN5Rc52211CalulateCRCEPhhS0_     
0000c372  __TI_decompress_lzss              
0000c3ee  _ZN5Rc5224InitEv                  
0000c460  _auto_init                        
0000c4ce  _ZN5Rc5228AnticollEPh             
0000c536  copy_in                           
0000c590  __mspabi_divul                    
0000c590  __mspabi_remul                    
0000c5e8  _ZN5Rc5227RequestEhPh             
0000c638  __mspabi_srli                     
0000c646  __mspabi_srli_15                  
0000c64a  __mspabi_srli_14                  
0000c64e  __mspabi_srli_13                  
0000c652  __mspabi_srli_12                  
0000c656  __mspabi_srli_11                  
0000c65a  __mspabi_srli_10                  
0000c65e  __mspabi_srli_9                   
0000c662  __mspabi_srli_8                   
0000c666  __mspabi_srli_7                   
0000c66a  __mspabi_srli_6                   
0000c66e  __mspabi_srli_5                   
0000c672  __mspabi_srli_4                   
0000c676  __mspabi_srli_3                   
0000c67a  __mspabi_srli_2                   
0000c67e  __mspabi_srli_1                   
0000c684  _ZN5Rc5224HaltEv                  
0000c6ce  _ZN16Serial_UARTClass4initEm      
0000c716  _ZN5Rc5227ReadRegEh               
0000c758  _ZN5Rc5228WriteRegEhh             
0000c796  _ZN5Rc522C1Eii                    
0000c796  _ZN5Rc522C2Eii                    
0000c7ce  _Z8pinModeAhhh                    
0000c7fa  __mspabi_slli                     
0000c806  __mspabi_slli_15                  
0000c808  __mspabi_slli_14                  
0000c80a  __mspabi_slli_13                  
0000c80c  __mspabi_slli_12                  
0000c80e  __mspabi_slli_11                  
0000c810  __mspabi_slli_10                  
0000c812  __mspabi_slli_9                   
0000c814  __mspabi_slli_8                   
0000c816  __mspabi_slli_7                   
0000c818  __mspabi_slli_6                   
0000c81a  __mspabi_slli_5                   
0000c81c  __mspabi_slli_4                   
0000c81e  __mspabi_slli_3                   
0000c820  __mspabi_slli_2                   
0000c822  __mspabi_slli_1                   
0000c826  _ZN16Serial_UARTClass5printEPKc   
0000c850  _Z7delaymsj                       
0000c878  _ZN15Serial_SPIClass4initEv       
0000c89e  _Z13digitalWriteAhhh              
0000c8c2  _ZN5Rc5229AntennaOnEv             
0000c8e6  _ZN16Serial_UARTClass7readStrEPcii
0000c906  _ZN5Rc52210SetBitMaskEhh          
0000c926  _ZN5Rc52212ClearBitMaskEhh        
0000c946  _Z7memcopyPvPKvj                  
0000c964  _c_int00_noargs_noexit            
0000c97e  _Z11SendCommandPKci               
0000c996  __TI_zero_init                    
0000c9aa  __mspabi_mpyi                     
0000c9aa  __mspabi_mpyi_sw                  
0000c9be  __TI_decompress_none              
0000c9d0  memcpy                            
0000c9e2  _ZN15Serial_SPIClass8transferEh   
0000c9f2  __mspabi_func_epilog_7            
0000c9f4  __mspabi_func_epilog_6            
0000c9f6  __mspabi_func_epilog_5            
0000c9f8  __mspabi_func_epilog_4            
0000c9fa  __mspabi_func_epilog_3            
0000c9fc  __mspabi_func_epilog_2            
0000c9fe  __mspabi_func_epilog_1            
0000ca02  __sti___8_main_cpp_dffcbc33       
0000ca10  _ZN16Serial_UARTClass9Send_DataEh 
0000ca1c  _ZN5Rc5225ResetEv                 
0000ca28  __TI_ISR_TRAP                     
0000ca30  C$$EXIT                           
0000ca30  abort                             
0000ca36  _system_pre_init                  
0000ca3a  _system_post_cinit                
0000ca9a  __TI_INITARRAY_Base               
0000ca9c  __TI_INITARRAY_Limit              
0000caa4  __TI_Handler_Table_Base           
0000caaa  __TI_Handler_Table_Limit          
0000caae  __TI_CINIT_Base                   
0000cab6  __TI_CINIT_Limit                  
0000ffe0  __TI_int00                        
0000ffe4  __TI_int02                        
0000ffe6  __TI_int03                        
0000ffea  __TI_int05                        
0000ffec  __TI_int06                        
0000ffee  __TI_int07                        
0000fff0  __TI_int08                        
0000fff2  __TI_int09                        
0000fff4  __TI_int10                        
0000fff6  __TI_int11                        
0000fff8  __TI_int12                        
0000fffa  __TI_int13                        
0000fffc  __TI_int14                        
0000fffe  _reset_vector                     
ffffffff  __TI_pprof_out_hndl               
ffffffff  __TI_prof_data_size               
ffffffff  __TI_prof_data_start              
ffffffff  __c_args__                        
UNDEFED   __TI_BINIT_Base                   
UNDEFED   __TI_BINIT_Limit                  

[216 symbols]
